// Jest Snapshot v1, https://goo.gl/fbAQLP

exports[`AIToolsSection renders correctly 1`] = `
<Animated.View
  className="bg-base-100"
  style={
    {
      "flex": 1,
      "opacity": {
        "interpolate": [MockFunction],
      },
      "transform": [
        {
          "translateX": {
            "interpolate": [MockFunction],
          },
        },
      ],
    }
  }
>
  <View
    className="flex-row items-center justify-between py-4 border-b border-base-300 bg-base-100"
    style={
      {
        "paddingHorizontal": 16,
      }
    }
  >
    <View
      className="flex-row items-center"
    >
      <View
        color="#3b82f6"
        fill="#3b82f6"
        size={20}
        testID="lucide-Sparkle"
      />
      <Text
        className="text-base-content text-lg font-bold ml-2"
      >
        AI Assistant
      </Text>
    </View>
    <TouchableOpacity
      className="p-2 -mr-2 rounded-full hover:bg-base-200"
      onPress={[MockFunction]}
    >
      <View
        color="#94a3b8"
        size={24}
        testID="lucide-X"
      />
    </TouchableOpacity>
  </View>
  <View
    className="flex-1 flex-col"
  >
    <ScrollView
      className="flex-1 bg-base-100"
      contentContainerStyle={
        {
          "paddingBottom": 16,
          "paddingHorizontal": 16,
          "paddingTop": 16,
        }
      }
      ref={
        {
          "current": null,
        }
      }
    >
      <View
        className="flex-1 items-center justify-center py-20 opacity-50"
      >
        <View
          className="w-16 h-16 bg-base-200 rounded-full items-center justify-center mb-4 border border-base-300 shadow-sm"
        >
          <View
            color="#3b82f6"
            fill="#3b82f6"
            size={32}
            testID="lucide-Sparkle"
          />
        </View>
        <Text
          className="text-base-content font-bold text-lg"
        >
          How can I help?
        </Text>
        <Text
          className="text-base-content/60 text-sm text-center mt-1 px-8"
        >
          Ask me to summarize, analyze, or improve your note.
        </Text>
      </View>
    </ScrollView>
    <KeyboardAvoidingView
      behavior="padding"
      className="border-t border-base-300 bg-base-100"
      keyboardVerticalOffset={120}
    >
      <View
        className="p-4 space-y-3"
        style={
          {
            "paddingHorizontal": 16,
          }
        }
      >
        <ScrollView
          className="-mx-4 px-4"
          horizontal={true}
          showsHorizontalScrollIndicator={false}
        >
          <TouchableOpacity
            className="bg-base-200 border border-base-300 rounded-full px-4 py-2 mr-2 flex-row items-center active:bg-base-300"
            onPress={[Function]}
          >
            <View
              color="#3b82f6"
              size={14}
              testID="lucide-List"
            />
            <Text
              className="text-base-content/80 text-xs ml-1.5 font-bold"
            >
              Summarize
            </Text>
          </TouchableOpacity>
          <TouchableOpacity
            className="bg-base-200 border border-base-300 rounded-full px-4 py-2 mr-2 flex-row items-center active:bg-base-300"
            onPress={[Function]}
          >
            <View
              color="#3b82f6"
              size={14}
              testID="lucide-Lightbulb"
            />
            <Text
              className="text-base-content/80 text-xs ml-1.5 font-bold"
            >
              Ideas
            </Text>
          </TouchableOpacity>
          <TouchableOpacity
            className="bg-base-200 border border-base-300 rounded-full px-4 py-2 mr-2 flex-row items-center active:bg-base-300"
            onPress={[Function]}
          >
            <View
              color="#3b82f6"
              size={14}
              testID="lucide-CheckCheck"
            />
            <Text
              className="text-base-content/80 text-xs ml-1.5 font-bold"
            >
              Polish
            </Text>
          </TouchableOpacity>
        </ScrollView>
        <View
          className="bg-base-200 rounded-full border border-base-300 flex-row items-center pr-2 shadow-sm mt-3"
        >
          <TextInput
            className="text-base-content text-base px-5 py-3 flex-1 min-h-[48px] max-h-[120px]"
            editable={true}
            maxLength={500}
            multiline={true}
            onChangeText={[Function]}
            placeholder="Ask something..."
            placeholderTextColor="#94a3b8"
            textAlignVertical="center"
            value=""
          />
          <TouchableOpacity
            className="p-2 rounded-full bg-transparent"
            disabled={true}
            onPress={[Function]}
          >
            <View
              color="#cbd5e1"
              size={20}
              testID="lucide-Send"
            />
          </TouchableOpacity>
        </View>
      </View>
    </KeyboardAvoidingView>
  </View>
</Animated.View>
`;
